[2026-06-16T16:04:58.374179] [INFO] Running command: ./redis-tool provision --version 7.0.15 --masters 3 --replicas-per-master 1
[2026-06-16T16:04:58.386755] [INFO] Cleaning up any extra/scaled nodes...
[2026-06-16T16:04:58.415675] [SUCCESS] Inventory reset to default 6 nodes.
[2026-06-16T16:04:59.868678] [INFO] SSH keys already present in ansible/ssh
[2026-06-16T16:04:59.881110] [INFO] Verifying container infrastructure...
[2026-06-16T16:05:01.187621] [INFO] Starting container infrastructure...
[2026-06-16T16:05:19.314834] [ERROR] Failed to start container infrastructure. Is Docker Desktop running?
[2026-06-16T16:12:43.541546] [INFO] Running command: ./redis-tool provision --version 7.0.15 --masters 3 --replicas-per-master 1
[2026-06-16T16:12:43.551152] [INFO] Cleaning up any extra/scaled nodes...
[2026-06-16T16:12:43.591574] [SUCCESS] Inventory reset to default 6 nodes.
[2026-06-16T16:12:44.989104] [INFO] SSH keys already present in ansible/ssh
[2026-06-16T16:12:45.000380] [INFO] Verifying container infrastructure...
[2026-06-16T16:12:46.368727] [INFO] Starting container infrastructure...
[2026-06-16T16:13:05.068028] [ERROR] Failed to start container infrastructure. Is Docker Desktop running?
[2026-06-16T16:22:26.688402] [INFO] Running command: ./redis-tool status
[2026-06-16T16:22:34.932602] [ERROR] Could not retrieve cluster topology. Is the cluster provisioned and running?
[2026-06-16T16:25:13.428793] [INFO] Running command: ./redis-tool status
[2026-06-16T16:25:21.505232] [ERROR] Could not retrieve cluster topology. Is the cluster provisioned and running?
[2026-06-16T16:26:58.200813] [INFO] Running command: ./redis-tool provision --version 7.0.15 --masters 3 --replicas-per-master 1
[2026-06-16T16:26:58.211068] [INFO] Cleaning up any extra/scaled nodes...
[2026-06-16T16:26:58.242419] [SUCCESS] Inventory reset to default 6 nodes.
[2026-06-16T16:26:59.548716] [INFO] SSH keys already present in ansible/ssh
[2026-06-16T16:26:59.560320] [INFO] Verifying container infrastructure...
[2026-06-16T16:27:01.057809] [INFO] Starting container infrastructure...
[2026-06-16T16:27:21.191481] [SUCCESS] Container infrastructure is running
[2026-06-16T16:27:30.342111] [INFO] Verifying runner image...
[2026-06-16T16:27:31.850063] [INFO] Building runner image (this may take a moment)...
[2026-06-16T16:31:45.956507] [INFO] Executing playbook provision.yml inside runner container...
[2026-06-16T16:31:47.472226] [ERROR] Playbook provision.yml inside container failed!
[2026-06-16T16:31:47.485255] [ERROR] Provisioning failed.
[2026-06-16T16:33:29.384968] [INFO] Running command: ./redis-tool provision --version 7.0.15
[2026-06-16T16:33:29.396991] [INFO] Cleaning up any extra/scaled nodes...
[2026-06-16T16:33:29.418830] [SUCCESS] Inventory reset to default 6 nodes.
[2026-06-16T16:33:31.142064] [INFO] SSH keys already present in ansible/ssh
[2026-06-16T16:33:31.148456] [INFO] Verifying container infrastructure...
[2026-06-16T16:33:32.467992] [INFO] All containers are already running
[2026-06-16T16:33:42.666431] [INFO] Verifying runner image...
[2026-06-16T16:33:45.716850] [INFO] Executing playbook provision.yml inside runner container...
[2026-06-16T16:33:49.549259] [ERROR] Playbook provision.yml inside container failed!
[2026-06-16T16:33:49.563775] [ERROR] Provisioning failed.
[2026-06-16T16:34:16.117105] [INFO] Running command: ./redis-tool provision --version 7.0.15
[2026-06-16T16:34:16.131915] [INFO] Cleaning up any extra/scaled nodes...
[2026-06-16T16:34:16.193282] [SUCCESS] Inventory reset to default 6 nodes.
[2026-06-16T16:34:17.483039] [INFO] SSH keys already present in ansible/ssh
[2026-06-16T16:34:17.494841] [INFO] Verifying container infrastructure...
[2026-06-16T16:34:19.232171] [INFO] All containers are already running
[2026-06-16T16:34:29.587342] [INFO] Verifying runner image...
[2026-06-16T16:34:32.373669] [INFO] Executing playbook provision.yml inside runner container...
[2026-06-16T16:34:36.004325] [ERROR] Playbook provision.yml inside container failed!
[2026-06-16T16:34:36.014951] [ERROR] Provisioning failed.
[2026-06-16T16:35:33.846609] [INFO] Running command: ./redis-tool provision --version 7.0.15
[2026-06-16T16:35:33.998852] [INFO] Cleaning up any extra/scaled nodes...
[2026-06-16T16:35:34.110577] [SUCCESS] Inventory reset to default 6 nodes.
[2026-06-16T16:35:35.489545] [INFO] SSH keys already present in ansible/ssh
[2026-06-16T16:35:35.499957] [INFO] Verifying container infrastructure...
[2026-06-16T16:35:36.892073] [INFO] All containers are already running
[2026-06-16T16:35:46.256578] [INFO] Verifying runner image...
[2026-06-16T16:35:48.916380] [INFO] Executing playbook provision.yml inside runner container...
[2026-06-16T16:42:47.277507] [SUCCESS] Cluster provisioned successfully!
[2026-06-16T16:43:12.439268] [INFO] Running command: ./redis-tool status
[2026-06-16T16:43:32.360928] [INFO] Running command: ./redis-tool data seed --keys 1000
[2026-06-16T16:43:32.398504] [INFO] SSH keys already present in ansible/ssh
[2026-06-16T16:43:32.414445] [INFO] Verifying container infrastructure...
[2026-06-16T16:43:33.893995] [INFO] All containers are already running
[2026-06-16T16:43:33.906081] [INFO] Flushing existing data from master nodes...
[2026-06-16T16:43:40.379566] [INFO] Seeding 1000 keys into cluster...
[2026-06-16T16:43:43.455321] [SUCCESS] Seeding summary:
[2026-06-16T16:44:07.895800] [INFO] Running command: ./redis-tool data verify
[2026-06-16T16:44:07.908388] [INFO] SSH keys already present in ansible/ssh
[2026-06-16T16:44:07.929363] [INFO] Verifying container infrastructure...
[2026-06-16T16:44:09.435324] [INFO] All containers are already running
[2026-06-16T16:44:09.446153] [INFO] Verifying data integrity...
[2026-06-16T16:44:15.360893] [INFO] Auto-detected 1000 keys in the cluster for verification
[2026-06-16T16:44:17.569121] [SUCCESS] PASS — 1000/1000 keys verified
[2026-06-16T16:44:47.069938] [INFO] Running command: ./redis-tool status
[2026-06-16T16:45:06.268420] [INFO] Running command: ./redis-tool provision --version 7.0.15 --masters 3 --replicas-per-master 1
[2026-06-16T16:45:06.278907] [INFO] Cleaning up any extra/scaled nodes...
[2026-06-16T16:45:06.308752] [SUCCESS] Inventory reset to default 6 nodes.
[2026-06-16T16:45:07.723978] [INFO] SSH keys already present in ansible/ssh
[2026-06-16T16:45:07.735560] [INFO] Verifying container infrastructure...
[2026-06-16T16:45:09.094969] [INFO] All containers are already running
[2026-06-16T16:45:18.034899] [SUCCESS] Cluster is already provisioned on version 7.0.15. Nothing to do.
[2026-06-16T16:46:01.268367] [INFO] Running command: ./redis-tool data seed --keys 123
[2026-06-16T16:46:01.280890] [INFO] SSH keys already present in ansible/ssh
[2026-06-16T16:46:01.310894] [INFO] Verifying container infrastructure...
[2026-06-16T16:46:02.691563] [INFO] All containers are already running
[2026-06-16T16:46:02.701753] [INFO] Flushing existing data from master nodes...
[2026-06-16T16:46:08.035214] [INFO] Seeding 123 keys into cluster...
[2026-06-16T16:46:10.797885] [SUCCESS] Seeding summary:
[2026-06-16T16:46:39.995148] [INFO] Running command: ./redis-tool data verify
[2026-06-16T16:46:40.007558] [INFO] SSH keys already present in ansible/ssh
[2026-06-16T16:46:40.027088] [INFO] Verifying container infrastructure...
[2026-06-16T16:46:41.327010] [INFO] All containers are already running
[2026-06-16T16:46:41.336205] [INFO] Verifying data integrity...
[2026-06-16T16:46:46.687934] [INFO] Auto-detected 123 keys in the cluster for verification
[2026-06-16T16:46:48.078090] [SUCCESS] PASS — 123/123 keys verified
[2026-06-16T16:47:59.994677] [INFO] Running command: ./redis-tool upgrade --target-version 7.2.6 --strategy rolling
[2026-06-16T16:48:00.015445] [INFO] SSH keys already present in ansible/ssh
[2026-06-16T16:48:00.045173] [INFO] Verifying container infrastructure...
[2026-06-16T16:48:01.410179] [INFO] All containers are already running
[2026-06-16T16:48:01.419929] [HEADER] Starting rolling upgrade to version 7.2.6...
[2026-06-16T16:48:01.435808] [INFO] Step 1: Running pre-flight checks...
[2026-06-16T16:48:19.929772] [INFO] Establishing pre-upgrade data baseline...
[2026-06-16T16:48:19.942135] [INFO] SSH keys already present in ansible/ssh
[2026-06-16T16:48:19.983743] [INFO] Verifying container infrastructure...
[2026-06-16T16:48:21.124893] [INFO] All containers are already running
[2026-06-16T16:48:21.141161] [INFO] Verifying data integrity...
[2026-06-16T16:48:26.754169] [INFO] Auto-detected 123 keys in the cluster for verification
[2026-06-16T16:48:28.508647] [SUCCESS] PASS — 123/123 keys verified
[2026-06-16T16:48:28.517583] [SUCCESS] Pre-flight checks passed.
[2026-06-16T16:48:29.945380] [INFO] [1/6] Upgrading replica 10.10.0.16 (redis-node-6)...
[2026-06-16T16:48:31.635261] [INFO] Verifying runner image...
[2026-06-16T16:48:34.362190] [INFO] Executing playbook upgrade_node.yml inside runner container...
[2026-06-16T16:50:28.722686] [SUCCESS] [1/6] Upgraded replica 10.10.0.16 — cluster: ok
[2026-06-16T16:50:29.853276] [INFO] [2/6] Upgrading replica 10.10.0.15 (redis-node-5)...
[2026-06-16T16:50:31.309372] [INFO] Verifying runner image...
[2026-06-16T16:50:34.079743] [INFO] Executing playbook upgrade_node.yml inside runner container...
[2026-06-16T16:52:35.257312] [SUCCESS] [2/6] Upgraded replica 10.10.0.15 — cluster: ok
[2026-06-16T16:52:36.946944] [INFO] [3/6] Upgrading replica 10.10.0.14 (redis-node-4)...
[2026-06-16T16:52:39.561186] [INFO] Verifying runner image...
[2026-06-16T16:52:41.906216] [INFO] Executing playbook upgrade_node.yml inside runner container...
[2026-06-16T16:55:02.210735] [SUCCESS] [3/6] Upgraded replica 10.10.0.14 — cluster: ok
[2026-06-16T16:55:03.379777] [INFO] Promoting replica 10.10.0.16 (redis-node-6) to master...
[2026-06-16T16:55:05.020206] [INFO] Verifying runner image...
[2026-06-16T16:55:07.756117] [INFO] Executing playbook failover.yml inside runner container...
[2026-06-16T16:55:12.055627] [SUCCESS] Failover complete. Former replica 10.10.0.16 is now master.
[2026-06-16T16:55:12.065024] [INFO] [4/6] Upgrading former master 10.10.0.12 (redis-node-2)...
[2026-06-16T16:55:13.913971] [INFO] Verifying runner image...
[2026-06-16T16:55:17.110640] [INFO] Executing playbook upgrade_node.yml inside runner container...
[2026-06-16T16:57:23.272795] [SUCCESS] [4/6] Upgraded former master 10.10.0.12 — cluster: ok
[2026-06-16T16:57:24.343891] [INFO] Promoting replica 10.10.0.14 (redis-node-4) to master...
[2026-06-16T16:57:26.030834] [INFO] Verifying runner image...
[2026-06-16T16:57:28.596232] [INFO] Executing playbook failover.yml inside runner container...
[2026-06-16T16:57:33.137079] [SUCCESS] Failover complete. Former replica 10.10.0.14 is now master.
[2026-06-16T16:57:33.146411] [INFO] [5/6] Upgrading former master 10.10.0.13 (redis-node-3)...
[2026-06-16T16:57:34.819902] [INFO] Verifying runner image...
[2026-06-16T16:57:37.648036] [INFO] Executing playbook upgrade_node.yml inside runner container...
[2026-06-16T16:59:38.609009] [SUCCESS] [5/6] Upgraded former master 10.10.0.13 — cluster: ok
[2026-06-16T16:59:40.019459] [INFO] Promoting replica 10.10.0.15 (redis-node-5) to master...
[2026-06-16T16:59:41.538011] [INFO] Verifying runner image...
[2026-06-16T16:59:44.168063] [INFO] Executing playbook failover.yml inside runner container...
[2026-06-16T16:59:48.149663] [SUCCESS] Failover complete. Former replica 10.10.0.15 is now master.
[2026-06-16T16:59:48.171484] [INFO] [6/6] Upgrading former master 10.10.0.11 (redis-node-1)...
[2026-06-16T16:59:49.853184] [INFO] Verifying runner image...
[2026-06-16T16:59:52.657961] [INFO] Executing playbook upgrade_node.yml inside runner container...
[2026-06-16T17:01:50.536677] [SUCCESS] [6/6] Upgraded former master 10.10.0.11 — cluster: ok
[2026-06-16T17:01:50.546989] [INFO] Step 4: Running post-upgrade verification...
[2026-06-16T17:01:50.572007] [INFO] SSH keys already present in ansible/ssh
[2026-06-16T17:01:50.595883] [INFO] Verifying container infrastructure...
[2026-06-16T17:01:52.143583] [INFO] All containers are already running
[2026-06-16T17:01:52.153762] [INFO] Verifying data integrity...
[2026-06-16T17:01:57.480757] [INFO] Auto-detected 123 keys in the cluster for verification
[2026-06-16T17:01:58.783622] [SUCCESS] PASS — 123/123 keys verified
[2026-06-16T17:01:58.811543] [SUCCESS] UPGRADE COMPLETE — all nodes on v7.2.6, data integrity verified
[2026-06-16T17:02:58.347683] [INFO] Running command: ./redis-tool verify --full
[2026-06-16T17:02:58.358313] [INFO] SSH keys already present in ansible/ssh
[2026-06-16T17:02:58.407826] [INFO] Verifying container infrastructure...
[2026-06-16T17:02:59.776921] [INFO] All containers are already running
[2026-06-16T17:02:59.788465] [HEADER] Running full cluster verification...
[2026-06-16T17:03:01.347528] [INFO] 1. Checking Data Integrity...
[2026-06-16T17:03:01.359814] [INFO] SSH keys already present in ansible/ssh
[2026-06-16T17:03:01.383785] [INFO] Verifying container infrastructure...
[2026-06-16T17:03:02.217082] [INFO] All containers are already running
[2026-06-16T17:03:02.227897] [INFO] Verifying data integrity...
[2026-06-16T17:03:07.306937] [INFO] Auto-detected 123 keys in the cluster for verification
[2026-06-16T17:03:08.868582] [SUCCESS] PASS — 123/123 keys verified
[2026-06-16T17:03:08.880999] [INFO] 2. Checking Version Consistency...
[2026-06-16T17:03:16.164487] [SUCCESS] PASS — All nodes running version 7.2.6
[2026-06-16T17:03:16.176241] [INFO] 3. Checking Topology Health...
[2026-06-16T17:03:16.199073] [SUCCESS] PASS — Topology is healthy (16384 slots covered, all masters have replicas)
[2026-06-16T17:03:16.228995] [INFO] 4. Checking Cluster State...
[2026-06-16T17:03:17.119926] [SUCCESS] PASS — Cluster state is ok
[2026-06-16T17:03:17.128671] [INFO] 5. Checking Replication Lag...
[2026-06-16T17:03:20.706906] [SUCCESS] PASS — All replicas synced (master_link_status:up)
[2026-06-16T17:03:20.722637] [SUCCESS] Full verification passed successfully!
[2026-06-16T17:03:42.099849] [INFO] Running command: ./redis-tool scale --add-nodes 2
[2026-06-16T17:03:42.111864] [INFO] SSH keys already present in ansible/ssh
[2026-06-16T17:03:42.129106] [INFO] Verifying container infrastructure...
[2026-06-16T17:03:43.543646] [INFO] All containers are already running
[2026-06-16T17:03:43.555969] [HEADER] Scaling out: Adding 2 nodes...
[2026-06-16T17:03:44.904922] [INFO] Spinning up container redis-node-7 with IP 10.10.0.17...
[2026-06-16T17:03:48.851332] [INFO] Spinning up container redis-node-8 with IP 10.10.0.18...
[2026-06-16T17:03:53.345055] [SUCCESS] Inventory updated with new nodes.
[2026-06-16T17:03:53.362942] [INFO] Installing Redis on redis-node-7...
[2026-06-16T17:03:57.158781] [INFO] Verifying runner image...
[2026-06-16T17:04:00.139525] [INFO] Executing playbook provision_node.yml inside runner container...
[2026-06-16T17:06:24.945254] [INFO] Meeting redis-node-7 (10.10.0.17) to the cluster...
[2026-06-16T17:06:26.091996] [INFO] Installing Redis on redis-node-8...
[2026-06-16T17:06:28.794146] [INFO] Verifying runner image...
[2026-06-16T17:06:31.303037] [INFO] Executing playbook provision_node.yml inside runner container...
[2026-06-16T17:08:40.779713] [INFO] Meeting redis-node-8 (10.10.0.18) to the cluster...
[2026-06-16T17:08:42.192239] [INFO] Waiting 10 seconds for cluster meet gossip to propagate...
[2026-06-16T17:08:52.208405] [INFO] Configuring replication: redis-node-8 (10.10.0.18) -> redis-node-7 (10.10.0.17)...
[2026-06-16T17:08:53.687965] [INFO] Node ID for master redis-node-7 is 3c583e57a29c539bfbea62db884891f25507b3bb
[2026-06-16T17:08:55.145282] [SUCCESS] Replica redis-node-8 is now replicating redis-node-7.
[2026-06-16T17:08:55.154209] [INFO] Waiting 5 seconds for replication topology to settle...
[2026-06-16T17:09:00.180107] [INFO] Rebalancing cluster slots...
[2026-06-16T17:11:00.162647] [SUCCESS] Scale out complete!
[2026-06-16T17:12:50.346049] [INFO] Running command: ./redis-tool scale --remove-node redis-node-7
[2026-06-16T17:12:50.359182] [INFO] SSH keys already present in ansible/ssh
[2026-06-16T17:12:50.384044] [INFO] Verifying container infrastructure...
[2026-06-16T17:12:51.847645] [INFO] All containers are already running
[2026-06-16T17:12:51.858289] [HEADER] Scaling in: Removing node redis-node-7...
[2026-06-16T17:12:53.358020] [INFO] Identified master node: 10.10.0.17 (3c583e57a29c539bfbea62db884891f25507b3bb)
[2026-06-16T17:12:53.367485] [INFO] Identified replica node: 10.10.0.18 (8ae86c5619eb15ba19550147a5483394b4118830)
[2026-06-16T17:12:53.398050] [INFO] Master node 10.10.0.17 has 4096 slots to migrate.
[2026-06-16T17:12:53.457480] [INFO] Migrating 1365 slots from 10.10.0.17 to 10.10.0.16...
[2026-06-16T17:13:32.948687] [SUCCESS] Migrated 1365 slots successfully.
[2026-06-16T17:13:32.957831] [INFO] Migrating 1365 slots from 10.10.0.17 to 10.10.0.15...
[2026-06-16T17:14:11.571645] [SUCCESS] Migrated 1365 slots successfully.
[2026-06-16T17:14:11.581424] [INFO] Migrating 1366 slots from 10.10.0.17 to 10.10.0.14...
[2026-06-16T17:14:50.478239] [SUCCESS] Migrated 1366 slots successfully.
[2026-06-16T17:14:50.487960] [INFO] Deleting replica node 10.10.0.18 from cluster...
[2026-06-16T17:14:51.755107] [SUCCESS] Replica node deleted from cluster.
[2026-06-16T17:14:51.766364] [INFO] Deleting master node 10.10.0.17 from cluster...
[2026-06-16T17:14:52.892123] [SUCCESS] Master node deleted from cluster.
[2026-06-16T17:14:52.901187] [INFO] Stopping and removing container redis-node-8...
[2026-06-16T17:14:55.380039] [INFO] Removing redis-node-8 from inventory...
[2026-06-16T17:14:55.467372] [SUCCESS] Removed redis-node-8 from hosts.ini.
[2026-06-16T17:14:55.497492] [INFO] Stopping and removing container redis-node-7...
[2026-06-16T17:14:58.863949] [INFO] Removing redis-node-7 from inventory...
[2026-06-16T17:14:58.892842] [SUCCESS] Removed redis-node-7 from hosts.ini.
[2026-06-16T17:14:58.913089] [SUCCESS] Scale in complete!
[2026-06-16T17:15:37.172969] [INFO] Running command: ./redis-tool rollback --target-version 7.0.15
[2026-06-16T17:15:37.218344] [INFO] SSH keys already present in ansible/ssh
[2026-06-16T17:15:37.249397] [INFO] Verifying container infrastructure...
[2026-06-16T17:15:38.614809] [INFO] All containers are already running
[2026-06-16T17:15:38.626424] [HEADER] Rolling back cluster version to 7.0.15...
[2026-06-16T17:15:38.644289] [INFO] SSH keys already present in ansible/ssh
[2026-06-16T17:15:38.666297] [INFO] Verifying container infrastructure...
[2026-06-16T17:15:40.219938] [INFO] All containers are already running
[2026-06-16T17:15:40.230503] [HEADER] Starting rolling upgrade to version 7.0.15...
[2026-06-16T17:15:40.257458] [INFO] Step 1: Running pre-flight checks...
[2026-06-16T17:15:55.478048] [INFO] Rollback/downgrade detected. Replication sync check will be skipped on replicas until master nodes are also downgraded.
[2026-06-16T17:15:55.652556] [INFO] Establishing pre-upgrade data baseline...
[2026-06-16T17:15:55.795045] [INFO] SSH keys already present in ansible/ssh
[2026-06-16T17:15:55.829390] [INFO] Verifying container infrastructure...
[2026-06-16T17:15:57.623030] [INFO] All containers are already running
[2026-06-16T17:15:57.637846] [INFO] Verifying data integrity...
[2026-06-16T17:16:03.221327] [INFO] Auto-detected 123 keys in the cluster for verification
[2026-06-16T17:16:04.952402] [SUCCESS] PASS — 123/123 keys verified
[2026-06-16T17:16:04.997822] [INFO] Backing up cluster data before rollback...
[2026-06-16T17:16:10.723804] [SUCCESS] Successfully backed up 123 keys.
[2026-06-16T17:16:10.753062] [SUCCESS] Backup saved to logs/rollback_backup.json
[2026-06-16T17:16:10.764873] [SUCCESS] Pre-flight checks passed.
[2026-06-16T17:16:11.991971] [INFO] [1/6] Upgrading replica 10.10.0.13 (redis-node-3)...
[2026-06-16T17:16:13.963649] [INFO] Verifying runner image...
[2026-06-16T17:16:16.767340] [INFO] Executing playbook upgrade_node.yml inside runner container...
[2026-06-16T17:17:28.622027] [SUCCESS] [1/6] Upgraded replica 10.10.0.13 — cluster: ok
[2026-06-16T17:17:29.847729] [INFO] [2/6] Upgrading replica 10.10.0.11 (redis-node-1)...
[2026-06-16T17:17:32.349022] [INFO] Verifying runner image...
[2026-06-16T17:17:35.149779] [INFO] Executing playbook upgrade_node.yml inside runner container...
[2026-06-16T17:18:41.396403] [SUCCESS] [2/6] Upgraded replica 10.10.0.11 — cluster: ok
[2026-06-16T17:18:42.701562] [INFO] [3/6] Upgrading replica 10.10.0.12 (redis-node-2)...
[2026-06-16T17:18:44.567534] [INFO] Verifying runner image...
[2026-06-16T17:18:47.389192] [INFO] Executing playbook upgrade_node.yml inside runner container...
[2026-06-16T17:19:55.950722] [SUCCESS] [3/6] Upgraded replica 10.10.0.12 — cluster: ok
[2026-06-16T17:19:57.197838] [INFO] Promoting replica 10.10.0.12 (redis-node-2) to master...
[2026-06-16T17:19:58.816181] [INFO] Verifying runner image...
[2026-06-16T17:20:01.556801] [INFO] Executing playbook failover.yml inside runner container...
[2026-06-16T17:20:05.507946] [SUCCESS] Failover complete. Former replica 10.10.0.12 is now master.
[2026-06-16T17:20:05.518330] [INFO] [4/6] Upgrading former master 10.10.0.16 (redis-node-6)...
[2026-06-16T17:20:07.219227] [INFO] Verifying runner image...
[2026-06-16T17:20:09.979683] [INFO] Executing playbook upgrade_node.yml inside runner container...
[2026-06-16T17:21:17.165872] [SUCCESS] [4/6] Upgraded former master 10.10.0.16 — cluster: ok
[2026-06-16T17:21:18.571726] [INFO] Promoting replica 10.10.0.11 (redis-node-1) to master...
[2026-06-16T17:21:20.258852] [INFO] Verifying runner image...
[2026-06-16T17:21:23.404230] [INFO] Executing playbook failover.yml inside runner container...
[2026-06-16T17:21:28.563157] [SUCCESS] Failover complete. Former replica 10.10.0.11 is now master.
[2026-06-16T17:21:28.573403] [INFO] [5/6] Upgrading former master 10.10.0.15 (redis-node-5)...
[2026-06-16T17:21:30.108001] [INFO] Verifying runner image...
[2026-06-16T17:21:33.029390] [INFO] Executing playbook upgrade_node.yml inside runner container...
[2026-06-16T17:22:52.412838] [SUCCESS] [5/6] Upgraded former master 10.10.0.15 — cluster: ok
[2026-06-16T17:22:53.978167] [INFO] Promoting replica 10.10.0.13 (redis-node-3) to master...
[2026-06-16T17:22:55.724876] [INFO] Verifying runner image...
[2026-06-16T17:22:59.212904] [INFO] Executing playbook failover.yml inside runner container...
[2026-06-16T17:23:03.544588] [SUCCESS] Failover complete. Former replica 10.10.0.13 is now master.
[2026-06-16T17:23:03.554977] [INFO] [6/6] Upgrading former master 10.10.0.14 (redis-node-4)...
[2026-06-16T17:23:05.266681] [INFO] Verifying runner image...
[2026-06-16T17:23:07.802905] [INFO] Executing playbook upgrade_node.yml inside runner container...
[2026-06-16T17:24:15.770149] [SUCCESS] [6/6] Upgraded former master 10.10.0.14 — cluster: ok
[2026-06-16T17:24:15.779987] [INFO] Restoring 123 keys to the cluster...
[2026-06-16T17:24:17.194155] [SUCCESS] Restore completed.
[2026-06-16T17:24:17.202647] [INFO] Step 4: Running post-upgrade verification...
[2026-06-16T17:24:17.232319] [INFO] SSH keys already present in ansible/ssh
[2026-06-16T17:24:17.263654] [INFO] Verifying container infrastructure...
[2026-06-16T17:24:18.235365] [INFO] All containers are already running
[2026-06-16T17:24:18.245281] [INFO] Verifying data integrity...
[2026-06-16T17:24:23.568337] [INFO] Auto-detected 123 keys in the cluster for verification
[2026-06-16T17:24:25.030691] [SUCCESS] PASS — 123/123 keys verified
[2026-06-16T17:24:25.043251] [SUCCESS] UPGRADE COMPLETE — all nodes on v7.0.15, data integrity verified
[2026-06-16T17:27:33.336003] [INFO] Running command: ./redis-tool provision --version 7.0.15 --masters 3 --replicas-per-master 1
[2026-06-16T17:27:33.366435] [INFO] Cleaning up any extra/scaled nodes...
[2026-06-16T17:27:33.406800] [SUCCESS] Inventory reset to default 6 nodes.
[2026-06-16T17:27:34.723135] [INFO] SSH keys already present in ansible/ssh
[2026-06-16T17:27:34.735676] [INFO] Verifying container infrastructure...
[2026-06-16T17:27:36.095176] [INFO] Starting container infrastructure...
[2026-06-16T17:28:21.764569] [SUCCESS] Container infrastructure is running
[2026-06-16T17:28:33.300419] [INFO] Verifying runner image...
[2026-06-16T17:28:34.614716] [INFO] Building runner image (this may take a moment)...
[2026-06-16T17:32:29.053803] [INFO] Executing playbook provision.yml inside runner container...
[2026-06-16T17:40:10.784972] [SUCCESS] Cluster provisioned successfully!
[2026-06-16T17:40:53.576119] [INFO] Running command: ./redis-tool status
[2026-06-16T17:41:32.600181] [INFO] Running command: ./redis-tool data seed --keys 433
[2026-06-16T17:41:32.613350] [INFO] SSH keys already present in ansible/ssh
[2026-06-16T17:41:32.632990] [INFO] Verifying container infrastructure...
[2026-06-16T17:41:33.859633] [INFO] All containers are already running
[2026-06-16T17:41:33.870674] [INFO] Flushing existing data from master nodes...
[2026-06-16T17:41:38.942045] [INFO] Seeding 433 keys into cluster...
[2026-06-16T17:41:41.794756] [SUCCESS] Seeding summary:
[2026-06-16T17:42:15.187905] [INFO] Running command: ./redis-tool data verify
[2026-06-16T17:42:15.205935] [INFO] SSH keys already present in ansible/ssh
[2026-06-16T17:42:15.233639] [INFO] Verifying container infrastructure...
[2026-06-16T17:42:16.501405] [INFO] All containers are already running
[2026-06-16T17:42:16.517809] [INFO] Verifying data integrity...
[2026-06-16T17:42:22.026944] [INFO] Auto-detected 433 keys in the cluster for verification
[2026-06-16T17:42:23.701891] [SUCCESS] PASS — 433/433 keys verified
[2026-06-16T21:54:25.605281] [INFO] Running command: ./redis-tool status
[2026-06-16T21:54:39.014711] [ERROR] Could not retrieve cluster topology. Is the cluster provisioned and running?
[2026-06-16T21:58:11.759351] [INFO] Running command: ./redis-tool provision --version 7.0.15 --masters 3 --replicas-per-master 1
[2026-06-16T21:58:11.767137] [INFO] Cleaning up any extra/scaled nodes...
[2026-06-16T21:58:11.850187] [SUCCESS] Inventory reset to default 6 nodes.
[2026-06-16T21:58:12.912343] [INFO] SSH keys already present in ansible/ssh
[2026-06-16T21:58:12.934061] [INFO] Verifying container infrastructure...
[2026-06-16T21:58:14.552381] [INFO] Starting container infrastructure...
[2026-06-16T21:58:34.886417] [SUCCESS] Container infrastructure is running
[2026-06-16T21:58:48.102810] [INFO] Verifying runner image...
[2026-06-16T21:58:52.136145] [INFO] Executing playbook provision.yml inside runner container...
[2026-06-16T21:59:32.175043] [SUCCESS] Cluster provisioned successfully!
[2026-06-16T22:00:13.044515] [INFO] Running command: ./redis-tool status
[2026-06-16T22:00:51.216487] [INFO] Running command: ./redis-tool data seed --keys 324
[2026-06-16T22:00:51.232218] [INFO] SSH keys already present in ansible/ssh
[2026-06-16T22:00:51.262739] [INFO] Verifying container infrastructure...
[2026-06-16T22:00:52.524842] [INFO] All containers are already running
[2026-06-16T22:00:52.540369] [INFO] Flushing existing data from master nodes...
[2026-06-16T22:00:58.256100] [INFO] Seeding 324 keys into cluster...
[2026-06-16T22:01:01.060442] [SUCCESS] Seeding summary:
[2026-06-16T22:01:28.072235] [INFO] Running command: ./redis-tool data verify
[2026-06-16T22:01:28.111244] [INFO] SSH keys already present in ansible/ssh
[2026-06-16T22:01:28.123098] [INFO] Verifying container infrastructure...
[2026-06-16T22:01:29.149782] [INFO] All containers are already running
[2026-06-16T22:01:29.167242] [INFO] Verifying data integrity...
[2026-06-16T22:01:35.119756] [INFO] Auto-detected 324 keys in the cluster for verification
[2026-06-16T22:01:36.571397] [SUCCESS] PASS — 324/324 keys verified
[2026-06-16T22:01:45.271984] [INFO] Running command: ./redis-tool status
